// Jest Snapshot v1, https://goo.gl/fbAQLP

exports[`NotFound NotFound component render correctly 1`] = `
<h2>
  Page not found
</h2>
`;
